2026-08-04 15:39:18,757 - ERROR - the bad row : ['1', '2023-11-24', 'CUST001', 'Male', '34', 'Beauty', '', '50', '150'] | the error that cause : ...Quantity can't be null..
2026-08-04 15:39:23,604 - ERROR - the bad row : ['1', '2023-11-24', 'CUST001', 'Male', '34', 'Beauty', '', '50', '150'] | the error that cause : ...Quantity can't be null..
2026-08-04 15:39:24,388 - ERROR - the bad row : ['1', '2023-11-24', 'CUST001', 'Male', '34', 'Beauty', '', '50', '150'] | the error that cause : ...Quantity can't be null..
2026-08-04 15:39:25,067 - ERROR - the bad row : ['1', '2023-11-24', 'CUST001', 'Male', '34', 'Beauty', '', '50', '150'] | the error that cause : ...Quantity can't be null..
2026-08-04 15:39:25,516 - ERROR - the bad row : ['1', '2023-11-24', 'CUST001', 'Male', '34', 'Beauty', '', '50', '150'] | the error that cause : ...Quantity can't be null..
2026-08-04 15:39:25,836 - ERROR - the bad row : ['1', '2023-11-24', 'CUST001', 'Male', '34', 'Beauty', '', '50', '150'] | the error that cause : ...Quantity can't be null..
2026-08-04 15:39:26,075 - ERROR - the bad row : ['1', '2023-11-24', 'CUST001', 'Male', '34', 'Beauty', '', '50', '150'] | the error that cause : ...Quantity can't be null..
2026-08-04 15:39:40,620 - ERROR - the bad row : ['1', '2023-11-24', 'CUST001', 'Male', '34', 'Beauty', '', '50', '150'] | the error that cause : ...Quantity can't be null..
2026-08-04 15:39:54,493 - ERROR - the bad row : ['1', '2023-11-24', 'CUST001', 'Male', '34', 'Beauty', '', '50', '150'] | the error that cause : ...Quantity can't be null..
2026-08-04 15:40:12,556 - ERROR - the bad row : ['1', '2023-11-24', 'CUST001', 'Male', '34', 'Beauty', '', '50', '150'] | the error that cause : ...Quantity can't be null..
2026-08-04 15:41:03,213 - ERROR - the bad row : ['1', '2023-11-24', ' ', 'Male', '34', 'Beauty', '', '50', '150'] | the error that cause : ...Quantity can't be null..
2026-08-04 15:42:43,516 - ERROR - the bad row : ['1', '2023-11-24', ' ', 'Male', '34', 'Beauty', '', '50', '150'] | the error that cause : ...Quantity can't be null..
2026-08-04 15:43:26,765 - ERROR - the bad row : ['1', '2023-11-24', ' ', 'Male', '34', 'Beauty', '', '50', '150'] | the error that cause : invalid literal for int() with base 10: ''
2026-08-04 15:43:40,085 - ERROR - the bad row : ['1', '2023-11-24', ' ', 'Male', '34', 'Beauty', '', '50', '150'] | the error that cause : invalid literal for int() with base 10: ''
2026-08-04 15:43:55,877 - ERROR - the bad row : ['1', '2023-11-24', ' ', 'Male', '34', 'Beauty', '', '50', '150'] | the error that cause : invalid literal for int() with base 10: ''
2026-08-04 15:44:06,564 - ERROR - the bad row : ['1', '2023-11-24', ' ', 'Male', '34', 'Beauty', '-1', '50', '150'] | the error that cause : ...Quantity can't be null..
2026-08-04 15:44:47,092 - ERROR - the bad row : ['1', '2023-11-24', ' ', 'Male', '34', 'Beauty', 's', '50', '150'] | the error that cause : invalid literal for int() with base 10: 's'
2026-08-04 15:52:02,045 - ERROR - Row : ['1', '2023-11-24', ' ', 'Male', '34', 'Beauty', 's', '50', '150'] | the error : invalid literal for int() with base 10: 's'
2026-08-04 15:58:18,276 - ERROR - Row : ['1', '2023-11-24', '', 'Male', '34', 'Beauty', '55', '50', '150'] | the error : ...Customer ID can't be null...
2026-08-04 15:59:18,675 - ERROR - Row : ['1', '2023-11-24', '', 'Male', '34', 'Beauty', '55', '50', '150'] | the error : ...Transaction ID can't be null...
2026-08-04 16:01:04,813 - ERROR - Row : ['1', '2023-11-24', '', 'Male', '34', 'Beauty', '55', '50', '150'] | the error : ...Customer ID can't be null...
